// Jest Snapshot v1, https://goo.gl/fbAQLP

exports[`TxSwapCard should render the default markup 1`] = `
<View>
  <View
    style={
      {
        "alignItems": "center",
        "backgroundColor": "#F4F4F4",
        "borderBottomLeftRadius": 7,
        "borderBottomRightRadius": 7,
        "borderTopLeftRadius": 7,
        "borderTopRightRadius": 7,
        "flexDirection": "row",
        "flexWrap": "wrap",
        "gap": 12,
        "justifyContent": "space-between",
        "paddingBottom": 16,
        "paddingLeft": 16,
        "paddingRight": 16,
        "paddingTop": 16,
      }
    }
  >
    <View
      style={
        {
          "alignItems": "center",
          "flexDirection": "row",
          "gap": 12,
          "maxWidth": "55%",
        }
      }
    >
      <View
        style={
          {
            "height": 40,
            "position": "relative",
            "width": 40,
          }
        }
      >
        <View
          style={
            {
              "alignItems": "center",
              "borderBottomLeftRadius": 100000,
              "borderBottomRightRadius": 100000,
              "borderTopLeftRadius": 100000,
              "borderTopRightRadius": 100000,
              "flexDirection": "column",
              "height": 28,
              "justifyContent": "center",
              "maxHeight": 28,
              "maxWidth": 28,
              "minHeight": 28,
              "minWidth": 28,
              "overflow": "hidden",
              "paddingBottom": 0,
              "paddingLeft": 0,
              "paddingRight": 0,
              "paddingTop": 0,
              "position": "absolute",
              "top": 0,
              "width": 28,
            }
          }
        >
          <View
            style={
              {
                "bottom": 0,
                "flexDirection": "column",
                "left": 0,
                "position": "absolute",
                "right": 0,
                "top": 0,
                "zIndex": 1,
              }
            }
          >
            <Image
              accessibilityLabel="SafeToken"
              fullscreen={true}
              onError={[Function]}
              onLoad={[Function]}
              source={
                {
                  "uri": "https://safe-transaction-assets.safe.global/tokens/logos/0x5aFE3855358E112B5647B952709E6165e1c1eEEe.png",
                }
              }
              style={
                {
                  "backgroundColor": "#EEEFF0",
                  "height": 28,
                  "width": 28,
                }
              }
            />
          </View>
          <View
            style={
              {
                "backgroundColor": "#EEEFF0",
                "bottom": 0,
                "flexDirection": "column",
                "left": 0,
                "position": "absolute",
                "right": 0,
                "top": 0,
                "zIndex": 0,
              }
            }
          />
        </View>
        <View
          style={
            {
              "alignItems": "center",
              "backgroundColor": "#121312",
              "borderBottomLeftRadius": 100000,
              "borderBottomRightRadius": 100000,
              "borderTopLeftRadius": 100000,
              "borderTopRightRadius": 100000,
              "bottom": 0,
              "flexDirection": "column",
              "height": 28,
              "justifyContent": "center",
              "maxHeight": 28,
              "maxWidth": 28,
              "minHeight": 28,
              "minWidth": 28,
              "overflow": "hidden",
              "paddingBottom": 0,
              "paddingLeft": 0,
              "paddingRight": 0,
              "paddingTop": 0,
              "position": "absolute",
              "right": 0,
              "width": 28,
            }
          }
        >
          <View
            style={
              {
                "bottom": 0,
                "flexDirection": "column",
                "left": 0,
                "position": "absolute",
                "right": 0,
                "top": 0,
                "zIndex": 1,
              }
            }
          >
            <Image
              accessibilityLabel="Ether"
              fullscreen={true}
              onError={[Function]}
              onLoad={[Function]}
              source={
                {
                  "uri": "https://safe-transaction-assets.safe.global/chains/1/chain_logo.png",
                }
              }
              style={
                {
                  "backgroundColor": "#EEEFF0",
                  "height": 28,
                  "width": 28,
                }
              }
            />
          </View>
          <View
            style={
              {
                "backgroundColor": "#EEEFF0",
                "bottom": 0,
                "flexDirection": "column",
                "left": 0,
                "position": "absolute",
                "right": 0,
                "top": 0,
                "zIndex": 0,
              }
            }
          />
        </View>
      </View>
      <View>
        <View
          style={
            {
              "alignItems": "center",
              "flexDirection": "row",
              "gap": 4,
              "marginBottom": 4,
            }
          }
        >
          <Text
            allowFontScaling={false}
            selectable={false}
            style={
              [
                {
                  "color": "#A1A3A7",
                  "fontSize": 10,
                },
                undefined,
                {
                  "fontFamily": "SafeIcons",
                  "fontStyle": "normal",
                  "fontWeight": "normal",
                },
                {},
              ]
            }
            testID="safe-list-transaction-swap-icon"
          >
            
          </Text>
          <Text
            style={
              {
                "color": "#A1A3A7",
                "fontSize": 12,
                "marginBottom": 2,
              }
            }
            suppressHighlighting={true}
          >
            Swap order
          </Text>
        </View>
        <Text
          style={
            {
              "color": "#121312",
              "fontSize": 16,
              "fontWeight": 600,
            }
          }
          suppressHighlighting={true}
        >
          SAFE &gt; ETH
        </Text>
      </View>
    </View>
    <View
      style={
        {
          "alignItems": "flex-end",
        }
      }
    >
      <Text
        style={
          {
            "color": "#121312",
          }
        }
        suppressHighlighting={true}
      >
        +
        0.05
         
        ETH
      </Text>
      <Text
        style={
          {
            "color": "#121312",
            "fontSize": 12,
          }
        }
        suppressHighlighting={true}
      >
        −
        0.05
         
        SAFE
      </Text>
    </View>
  </View>
</View>
`;
