// Jest Snapshot v1, https://goo.gl/fbAQLP

exports[`TxBatchCard should render the default markup 1`] = `
<View>
  <View
    onBlur={[Function]}
    onClick={[Function]}
    onFocus={[Function]}
    onResponderGrant={[Function]}
    onResponderMove={[Function]}
    onResponderRelease={[Function]}
    onResponderTerminate={[Function]}
    onResponderTerminationRequest={[Function]}
    onStartShouldSetResponder={[Function]}
    style={
      {
        "alignItems": "flex-start",
        "backgroundColor": "#FFFFFF",
        "borderBottomLeftRadius": 7,
        "borderBottomRightRadius": 7,
        "borderTopLeftRadius": 7,
        "borderTopRightRadius": 7,
        "flexDirection": "column",
        "flexWrap": "wrap",
        "gap": 12,
        "justifyContent": "flex-start",
        "paddingBottom": 16,
        "paddingLeft": 16,
        "paddingRight": 16,
        "paddingTop": 16,
      }
    }
  >
    <View
      style={
        {
          "alignItems": "center",
          "flexDirection": "row",
          "justifyContent": "space-between",
          "width": "100%",
        }
      }
    >
      <View
        style={
          {
            "alignItems": "center",
            "flexDirection": "row",
            "gap": 12,
            "maxWidth": "100%",
          }
        }
      >
        <View
          style={
            {
              "backgroundColor": "#EEEFF0",
              "borderBottomLeftRadius": 100,
              "borderBottomRightRadius": 100,
              "borderTopLeftRadius": 100,
              "borderTopRightRadius": 100,
              "paddingBottom": 8,
              "paddingLeft": 8,
              "paddingRight": 8,
              "paddingTop": 8,
            }
          }
        >
          <Text
            allowFontScaling={false}
            selectable={false}
            style={
              [
                {
                  "color": "#121312",
                  "fontSize": 16,
                },
                undefined,
                {
                  "fontFamily": "SafeIcons",
                  "fontStyle": "normal",
                  "fontWeight": "normal",
                },
                {},
              ]
            }
          >
            
          </Text>
        </View>
        <View>
          <View
            style={
              {
                "alignItems": "center",
                "flexDirection": "row",
                "gap": 4,
              }
            }
          >
            <Text
              allowFontScaling={false}
              selectable={false}
              style={
                [
                  {
                    "color": "#A1A3A7",
                    "fontSize": 10,
                  },
                  undefined,
                  {
                    "fontFamily": "SafeIcons",
                    "fontStyle": "normal",
                    "fontWeight": "normal",
                  },
                  {},
                ]
              }
              testID="safe-list-batch-icon"
            >
              
            </Text>
            <Text
              style={
                {
                  "color": "#A1A3A7",
                  "fontFamily": "DM Sans",
                  "fontSize": 12,
                  "lineHeight": 20,
                }
              }
              suppressHighlighting={true}
            >
              Batch
            </Text>
          </View>
          <Text
            style={
              {
                "color": "#121312",
                "fontFamily": "DMSans-SemiBold",
                "fontSize": 14,
                "letterSpacing": -0.01,
                "lineHeight": 20,
              }
            }
            suppressHighlighting={true}
          >
            2 actions
          </Text>
        </View>
      </View>
    </View>
  </View>
</View>
`;
