// Jest Snapshot v1, https://goo.gl/fbAQLP

exports[`AlreadySigned matches snapshot 1`] = `
<View>
  <View
    style={
      {
        "flexDirection": "column",
        "paddingBottom": 16,
      }
    }
  >
    <Text
      style={
        {
          "color": "#A1A3A7",
          "fontFamily": "DM Sans",
          "fontSize": 14,
          "marginBottom": 8,
          "textAlign": "center",
        }
      }
      suppressHighlighting={true}
    >
      Can be executed once the threshold is reached.
    </Text>
  </View>
</View>
`;
