// Jest Snapshot v1, https://goo.gl/fbAQLP

exports[`TxSettingCard should render the default markup 1`] = `
<View>
  <View
    style={
      {
        "alignItems": "center",
        "backgroundColor": "#F4F4F4",
        "borderBottomLeftRadius": 7,
        "borderBottomRightRadius": 7,
        "borderTopLeftRadius": 7,
        "borderTopRightRadius": 7,
        "flexDirection": "row",
        "flexWrap": "wrap",
        "gap": 12,
        "justifyContent": "space-between",
        "paddingBottom": 16,
        "paddingLeft": 16,
        "paddingRight": 16,
        "paddingTop": 16,
      }
    }
  >
    <View
      style={
        {
          "alignItems": "center",
          "flexDirection": "row",
          "gap": 12,
          "maxWidth": "100%",
        }
      }
    >
      <View
        style={
          {
            "backgroundColor": "#EEEFF0",
            "borderBottomLeftRadius": 100,
            "borderBottomRightRadius": 100,
            "borderTopLeftRadius": 100,
            "borderTopRightRadius": 100,
            "paddingBottom": 8,
            "paddingLeft": 8,
            "paddingRight": 8,
            "paddingTop": 8,
          }
        }
      >
        <Text
          allowFontScaling={false}
          selectable={false}
          style={
            [
              {
                "color": "#121312",
                "fontSize": 24,
              },
              undefined,
              {
                "fontFamily": "SafeIcons",
                "fontStyle": "normal",
                "fontWeight": "normal",
              },
              {},
            ]
          }
        >
          î¥”
        </Text>
      </View>
      <View>
        <View
          style={
            {
              "alignItems": "center",
              "flexDirection": "row",
              "gap": 4,
              "marginBottom": 4,
            }
          }
        >
          <Text
            style={
              {
                "color": "#A1A3A7",
                "fontSize": 12,
                "marginBottom": 2,
              }
            }
            suppressHighlighting={true}
          >
            Settings change
          </Text>
        </View>
        <Text
          style={
            {
              "color": "#121312",
              "fontSize": 16,
              "fontWeight": 600,
            }
          }
          suppressHighlighting={true}
        >
          mockMethod
        </Text>
      </View>
    </View>
  </View>
</View>
`;
